Microchip MPLAB XC8 Compiler V2.32

Linker command line:

-W-3 --edf=C:\Program Files\Microchip\xc8\v2.32\pic\dat\en_msgs.txt -cn \
  -h+dist/default/production\Obstacle_aviodance.X.production.sym \
  --cmf=dist/default/production\Obstacle_aviodance.X.production.cmf -z \
  -Q16F877A -oC:\Users\hp\AppData\Local\Temp\xcAs2q4.4 \
  --defsym=__MPLAB_BUILD=1 \
  -Mdist/default/production/Obstacle_aviodance.X.production.map -E1 \
  -ver=XC8 Compiler --acfsm=1493 -ASTACK=0110h-016Fh -pstack=STACK \
  -ACODE=00h-07FFhx4 -ASTRCODE=00h-01FFFh -ASTRING=00h-0FFhx32 \
  -ACONST=00h-0FFhx32 -AENTRY=00h-0FFhx32 -ACOMMON=070h-07Fh \
  -ABANK0=020h-06Fh -ABANK1=0A0h-0EFh -ABANK2=0110h-016Fh \
  -ABANK3=0190h-01EFh -ARAM=020h-06Fh,0A0h-0EFh,0110h-016Fh,0190h-01EFh \
  -AABS1=020h-07Fh,0A0h-0EFh,0110h-016Fh,0190h-01EFh -ASFR0=00h-01Fh \
  -ASFR1=080h-09Fh -ASFR2=0100h-010Fh -ASFR3=0180h-018Fh \
  -ACONFIG=02007h-02007h -DCONFIG=2 -AIDLOC=02000h-02003h -DIDLOC=2 \
  -AEEDATA=00h-0FFh/02100h -peeprom_data=EEDATA -DEEDATA=2 -DCODE=2 \
  -DSTRCODE=2 -DSTRING=2 -DCONST=2 -DENTRY=2 \
  -preset_vec=00h,intentry,init,end_init -ppowerup=CODE -pcinit=CODE \
  -pfunctab=ENTRY -k C:\Users\hp\AppData\Local\Temp\xcAs2q4.o \
  dist/default/production\Obstacle_aviodance.X.production.o 

Object code version is 3.11

Machine type is 16F877A



                Name                               Link     Load   Length Selector   Space Scale
C:\Users\hp\AppData\Local\Temp\xcAs2q4.o
                end_init                              0        0        3        0       0
                config                             2007     2007        1        0       4
dist/default/production\Obstacle_aviodance.X.production.o
                cinit                               7F6      7F6        A      FEC       0
                config                             2007     2007        1        0       4
                text11                              341      341       1A      682       0
                text10                              32B      32B       16      656       0
                text9                               317      317       14      62E       0
                text8                               2F5      2F5       10      5EA       0
                text7                               35B      35B       1F      6B6       0
                text6                               305      305       12      60A       0
                text5                               37A      37A       40      6F4       0
                text4                               619      619      1DD      C32       0
                text3                               406      406       7C      80C       0
                text2                               482      482       BA      904       0
                text1                               3BA      3BA       4C      774       0
                maintext                            53C      53C       DD      A78       0
                cstackBANK0                          20       20       29       20       1
                cstackCOMMON                         70       70        E       70       1
                bssBANK0                             49       49        4       20       1
                strings                               3        3       36        6       0

TOTAL           Name                               Link     Load   Length     Space
        CLASS   STACK          

        CLASS   CODE           
                end_init                              0        0        3         0
                cinit                               7F6      7F6        A         0
                text11                              341      341       1A         0
                text10                              32B      32B       16         0
                text9                               317      317       14         0
                text8                               2F5      2F5       10         0
                text7                               35B      35B       1F         0
                text6                               305      305       12         0
                text5                               37A      37A       40         0
                text4                               619      619      1DD         0
                text3                               406      406       7C         0
                text2                               482      482       BA         0
                text1                               3BA      3BA       4C         0
                maintext                            53C      53C       DD         0

        CLASS   STRCODE        

        CLASS   STRING         
                strings                               3        3       36         0

        CLASS   CONST          

        CLASS   ENTRY          

        CLASS   COMMON         
                cstackCOMMON                         70       70        E         1

        CLASS   BANK0          
                cstackBANK0                          20       20       29         1
                bssBANK0                             49       49        4         1

        CLASS   BANK1          

        CLASS   BANK2          

        CLASS   BANK3          

        CLASS   RAM            

        CLASS   ABS1           
                abs_s1                               7E       7E        2         1

        CLASS   SFR0           

        CLASS   SFR1           

        CLASS   SFR2           

        CLASS   SFR3           

        CLASS   CONFIG         
                config                             2007     2007        1         4

        CLASS   IDLOC          

        CLASS   EEDATA         



SEGMENTS        Name                           Load    Length   Top    Selector   Space  Class     Delta

                reset_vec                      000000  000003  000003         0       0  CODE        2
                strings                        000003  000036  000039         6       0  STRING      2
                cstackBANK0                    000020  00002D  00004D        20       1  BANK0       1
                cstackCOMMON                   000070  00000E  00007E        70       1  COMMON      1
                text8                          0002F5  000010  000305       5EA       0  CODE        2
                text6                          000305  000012  000317       60A       0  CODE        2
                text9                          000317  000014  00032B       62E       0  CODE        2
                text10                         00032B  000016  000341       656       0  CODE        2
                text11                         000341  00001A  00035B       682       0  CODE        2
                text7                          00035B  00001F  00037A       6B6       0  CODE        2
                text5                          00037A  000040  0003BA       6F4       0  CODE        2
                text1                          0003BA  00004C  000406       774       0  CODE        2
                text3                          000406  00007C  000482       80C       0  CODE        2
                text2                          000482  0000BA  00053C       904       0  CODE        2
                maintext                       00053C  0000DD  000619       A78       0  CODE        2
                text4                          000619  0001DD  0007F6       C32       0  CODE        2
                cinit                          0007F6  00000A  000800       FEC       0  CODE        2


UNUSED ADDRESS RANGES

        Name                Unused          Largest block    Delta
        BANK0            004D-006F             23           1
        BANK1            00A0-00EF             50           1
        BANK2            0110-016F             60           1
        BANK3            0190-01EF             60           1
        CODE             0039-02F4            2BC           2
                         0800-1FFF            800
        CONST            0039-02F4            100           2
                         0800-1FFF            100
        EEDATA           2100-21FF            100           2
        ENTRY            0039-02F4            100           2
                         0800-1FFF            100
        IDLOC            2000-2003              4           2
        RAM              004D-006F             23           1
                         00A0-00EF             50
                         0110-016F             60
                         0190-01EF             60
        SFR0             0000-001F             20           1
        SFR1             0080-009F             20           1
        SFR2             0100-010F             10           1
        SFR3             0180-018F             10           1
        STACK            0110-016F             60           1
        STRCODE          0039-02F4            2BC           2
                         0800-1FFF           1800
        STRING           0039-02F4            100           2
                         0800-1FFF            100

                                  Symbol Table

?___fldiv                    cstackBANK0  0020
?___fltol                    cstackBANK0  003A
?___xxtofl                   cstackCOMMON 0070
USART_char@byte              cstackCOMMON 0070
USART_string@string          cstackCOMMON 0072
_BRGH                        (abs)        04C2
_CREN                        (abs)        00C4
_GIE                         (abs)        005F
_OERR                        (abs)        00C1
_PEIE                        (abs)        005E
_RB0                         (abs)        0030
_RB1                         (abs)        0031
_RC2                         (abs)        003A
_RC3                         (abs)        003B
_RCIE                        (abs)        0465
_RCIF                        (abs)        0065
_RCREG                       (abs)        001A
_RD2                         (abs)        0042
_RD3                         (abs)        0043
_RD4                         (abs)        0044
_RD5                         (abs)        0045
_RD6                         (abs)        0046
_RD7                         (abs)        0047
_RX9                         (abs)        00C6
_SPBRG                       (abs)        0099
_SPEN                        (abs)        00C7
_SYNC                        (abs)        04C4
_T1CKPS0                     (abs)        0084
_T1CKPS1                     (abs)        0085
_T1CON                       (abs)        0010
_TMR1                        (abs)        000E
_TMR1CS                      (abs)        0081
_TMR1ON                      (abs)        0080
_TRISB0                      (abs)        0430
_TRISB1                      (abs)        0431
_TRISC2                      (abs)        043A
_TRISC3                      (abs)        043B
_TRISC6                      (abs)        043E
_TRISC7                      (abs)        043F
_TRISD2                      (abs)        0442
_TRISD3                      (abs)        0443
_TRISD4                      (abs)        0444
_TRISD5                      (abs)        0445
_TRISD6                      (abs)        0446
_TRISD7                      (abs)        0447
_TRMT                        (abs)        04C1
_TX9                         (abs)        04C6
_TXEN                        (abs)        04C5
_TXIE                        (abs)        0464
_TXIF                        (abs)        0064
_TXREG                       (abs)        0019
_USART_Init                  text11       0341
_USART_char                  text8        02F5
_USART_get_char              text9        0317
_USART_string                text7        035B
__Habs1                      abs1         0000
__Hbank0                     bank0        0000
__Hbank1                     bank1        0000
__Hbank2                     bank2        0000
__Hbank3                     bank3        0000
__HbssBANK0                  bssBANK0     0000
__Hcinit                     cinit        0800
__Hclrtext                   clrtext      0000
__Hcode                      code         0000
__Hcommon                    common       0000
__Hconfig                    config       2008
__HcstackBANK0               cstackBANK0  0000
__HcstackCOMMON              cstackCOMMON 0000
__Heeprom_data               eeprom_data  0000
__Hend_init                  end_init     0003
__Hfunctab                   functab      0000
__Hinit                      init         0000
__Hintentry                  intentry     0000
__Hmaintext                  maintext     0000
__Hpowerup                   powerup      0000
__Hram                       ram          0000
__Hreset_vec                 reset_vec    0000
__Hsfr0                      sfr0         0000
__Hsfr1                      sfr1         0000
__Hsfr2                      sfr2         0000
__Hsfr3                      sfr3         0000
__Hspace_0                   (abs)        0800
__Hspace_1                   (abs)        007E
__Hspace_2                   (abs)        0000
__Hspace_3                   (abs)        0000
__Hspace_4                   (abs)        400F
__Hstack                     stack        0000
__Hstrings                   strings      0000
__Htext                      text         0000
__Labs1                      abs1         0000
__Lbank0                     bank0        0000
__Lbank1                     bank1        0000
__Lbank2                     bank2        0000
__Lbank3                     bank3        0000
__LbssBANK0                  bssBANK0     0000
__Lcinit                     cinit        07F6
__Lclrtext                   clrtext      0000
__Lcode                      code         0000
__Lcommon                    common       0000
__Lconfig                    config       0000
__LcstackBANK0               cstackBANK0  0000
__LcstackCOMMON              cstackCOMMON 0000
__Leeprom_data               eeprom_data  0000
__Lend_init                  end_init     0000
__Lfunctab                   functab      0000
__Linit                      init         0000
__Lintentry                  intentry     0000
__Lmaintext                  maintext     0000
__Lpowerup                   powerup      0000
__Lram                       ram          0000
__Lreset_vec                 reset_vec    0000
__Lsfr0                      sfr0         0000
__Lsfr1                      sfr1         0000
__Lsfr2                      sfr2         0000
__Lsfr3                      sfr3         0000
__Lspace_0                   (abs)        0000
__Lspace_1                   (abs)        0000
__Lspace_2                   (abs)        0000
__Lspace_3                   (abs)        0000
__Lspace_4                   (abs)        0000
__Lstack                     stack        0000
__Lstrings                   strings      0000
__Ltext                      text         0000
__S0                         (abs)        0800
__S1                         (abs)        007E
__S2                         (abs)        0000
__S3                         (abs)        0000
___fldiv                     text4        0619
___fldiv@a                   cstackBANK0  0020
___fldiv@aexp                cstackBANK0  0039
___fldiv@b                   cstackBANK0  0024
___fldiv@bexp                cstackBANK0  0038
___fldiv@grs                 cstackBANK0  0034
___fldiv@new_exp             cstackBANK0  0032
___fldiv@rem                 cstackBANK0  002D
___fldiv@sign                cstackBANK0  0031
___fltol                     text3        0406
___fltol@exp1                cstackBANK0  0044
___fltol@f1                  cstackBANK0  003A
___fltol@sign1               cstackBANK0  0043
___int_sp                    stack        0000
___latbits                   (abs)        0002
___sp                        stack        0000
___stackhi                   (abs)        0000
___stacklo                   (abs)        0000
___xxtofl                    text2        0482
___xxtofl@arg                cstackCOMMON 007A
___xxtofl@exp                cstackCOMMON 0079
___xxtofl@sign               cstackCOMMON 0078
___xxtofl@val                cstackCOMMON 0070
__end_of_USART_Init          text11       035B
__end_of_USART_char          text8        0305
__end_of_USART_get_char      text9        032B
__end_of_USART_string        text7        037A
__end_of___fldiv             text4        07F6
__end_of___fltol             text3        0482
__end_of___xxtofl            text2        053C
__end_of__initialization     cinit        07FC
__end_of__stringtab          strings      0009
__end_of_back_off            text10       0341
__end_of_bltoh               text5        03BA
__end_of_calculate_distance  text1        0406
__end_of_main                maintext     0619
__end_of_send_data           text6        0317
__initialization             cinit        07F6
__pbssBANK0                  bssBANK0     0049
__pcstackBANK0               cstackBANK0  0020
__pcstackCOMMON              cstackCOMMON 0070
__pmaintext                  maintext     053C
__pstrings                   strings      0003
__ptext1                     text1        03BA
__ptext10                    text10       032B
__ptext11                    text11       0341
__ptext2                     text2        0482
__ptext3                     text3        0406
__ptext4                     text4        0619
__ptext5                     text5        037A
__ptext6                     text6        0305
__ptext7                     text7        035B
__ptext8                     text8        02F5
__ptext9                     text9        0317
__size_of_USART_Init         (abs)        0000
__size_of_USART_char         (abs)        0000
__size_of_USART_get_char     (abs)        0000
__size_of_USART_string       (abs)        0000
__size_of___fldiv            (abs)        0000
__size_of___fltol            (abs)        0000
__size_of___xxtofl           (abs)        0000
__size_of_back_off           (abs)        0000
__size_of_bltoh              (abs)        0000
__size_of_calculate_distance (abs)        0000
__size_of_main               (abs)        0000
__size_of_send_data          (abs)        0000
__stringbase                 strings      0008
__stringtab                  strings      0003
_back_off                    text10       032B
_bltoh                       text5        037A
_calculate_distance          text1        03BA
_main                        maintext     053C
_send_data                   text6        0305
bltoh@get_value              cstackCOMMON 0075
btemp                        (abs)        007E
end_of_initialization        cinit        07FC
intlevel0                    functab      0000
intlevel1                    functab      0000
intlevel2                    functab      0000
intlevel3                    functab      0000
intlevel4                    functab      0000
intlevel5                    functab      0000
reset_vec                    reset_vec    0000
start                        init         0000
start_initialization         cinit        07F6
wtemp0                       (abs)        007E


MODULE INFORMATION

Module		Function		Class		Link	Load	Size
C:\Program Files\Microchip\xc8\v2.32\pic\sources\c90\common\xxtofl.c
		___xxtofl      		CODE           	0482	0000	186

C:\Program Files\Microchip\xc8\v2.32\pic\sources\c90\common\xxtofl.c estimated size: 186

newfile.c
		_send_data     		CODE           	0305	0000	18
		_main          		CODE           	053C	0000	221
		_back_off      		CODE           	032B	0000	22
		_calculate_distance		CODE           	03BA	0000	76
		_bltoh         		CODE           	037A	0000	64
		_USART_char    		CODE           	02F5	0000	16
		_USART_get_char		CODE           	0317	0000	20
		_USART_string  		CODE           	035B	0000	31
		_USART_Init    		CODE           	0341	0000	26

newfile.c estimated size: 494

shared
		__stringtab    		STRING         	0003	0000	6
		__initialization		CODE           	07F6	0000	6

shared estimated size: 12

C:\Program Files\Microchip\xc8\v2.32\pic\sources\c90\common\sprcdiv.c
		___fldiv       		CODE           	0619	0000	477

C:\Program Files\Microchip\xc8\v2.32\pic\sources\c90\common\sprcdiv.c estimated size: 477

C:\Program Files\Microchip\xc8\v2.32\pic\sources\c90\common\fltol.c
		___fltol       		CODE           	0406	0000	124

C:\Program Files\Microchip\xc8\v2.32\pic\sources\c90\common\fltol.c estimated size: 124

